
> basket-metrics@0.1.0 build
> next build

Ôû▓ Next.js 16.1.6 (Turbopack)
- Environments: .env.local

  Creating an optimized production build ...
Ô£ô Compiled successfully in 2.7s
  Running TypeScript ...
  Collecting page data using 15 workers ...
  Generating static pages using 15 workers (0/22) ...
  Generating static pages using 15 workers (5/22) 
  Generating static pages using 15 workers (10/22) 
  Generating static pages using 15 workers (16/22) 
Ô£ô Generating static pages using 15 workers (22/22) in 323.6ms
  Finalizing page optimization ...

Route (app)
Ôöî Ôùï /
Ôö£ Ôùï /_not-found
Ôö£ Ôùï /admin
Ôö£ Ôùï /admin/users
Ôö£ ãÆ /api/admin/users
Ôö£ ãÆ /api/admin/users/[userId]/activate
Ôö£ ãÆ /api/assistant/recommend
Ôö£ ãÆ /api/auth/login
Ôö£ ãÆ /api/auth/logout
Ôö£ ãÆ /api/auth/me
Ôö£ ãÆ /api/auth/register
Ôö£ ãÆ /api/engine/calculate/[sessionId]
Ôö£ ãÆ /api/game-events
Ôö£ ãÆ /api/me/player-profile
Ôö£ ãÆ /api/players
Ôö£ ãÆ /api/players/[playerId]/stats
Ôö£ ãÆ /api/sessions
Ôö£ ãÆ /api/sessions/[sessionId]
Ôö£ ãÆ /api/stats/[sessionId]
Ôö£ Ôùï /icon.svg
Ôö£ Ôùï /login
Ôö£ Ôùï /panel
Ôö£ Ôùï /panel/assistant
Ôö£ ãÆ /panel/dashboard/[sessionId]
Ôö£ Ôùï /panel/players
Ôö£ ãÆ /panel/players/[playerId]
Ôö£ Ôùï /panel/sessions
Ôö£ ãÆ /panel/tracker/[sessionId]
Ôöö Ôùï /register


ãÆ Proxy (Middleware)

Ôùï  (Static)   prerendered as static content
ãÆ  (Dynamic)  server-rendered on demand

